\BOOKMARK [1][-]{section*.1}{\376\377\000A\000b\000s\000t\000r\000a\000c\000t}{}% 1
\BOOKMARK [1][-]{section.1}{\376\377\0001\000\040\000I\000n\000t\000r\000o\000d\000u\000c\000t\000i\000o\000n}{}% 2
\BOOKMARK [1][-]{section.2}{\376\377\0002\000\040\000P\000r\000o\000b\000l\000e\000m\000\040\000D\000e\000f\000i\000n\000i\000t\000i\000o\000n}{}% 3
\BOOKMARK [1][-]{section.3}{\376\377\0003\000\040\000B\000a\000c\000k\000g\000r\000o\000u\000n\000d}{}% 4
\BOOKMARK [2][-]{subsection.3.1}{\376\377\0003\000.\0001\000\040\000T\000h\000e\000\040\000E\000v\000o\000l\000u\000t\000i\000o\000n\000\040\000o\000f\000\040\000A\000g\000e\000n\000t\000\040\000I\000n\000t\000e\000r\000o\000p\000e\000r\000a\000b\000i\000l\000i\000t\000y}{section.3}% 5
\BOOKMARK [2][-]{subsection.3.2}{\376\377\0003\000.\0002\000\040\000K\000n\000o\000w\000l\000e\000d\000g\000e\000\040\000G\000r\000a\000p\000h\000s\000\040\000a\000n\000d\000\040\000C\000o\000d\000e\000\040\000I\000n\000t\000e\000l\000l\000i\000g\000e\000n\000c\000e}{section.3}% 6
\BOOKMARK [2][-]{subsection.3.3}{\376\377\0003\000.\0003\000\040\000C\000o\000m\000m\000i\000t\000m\000e\000n\000t\000\040\000P\000r\000o\000t\000o\000c\000o\000l\000s}{section.3}% 7
\BOOKMARK [1][-]{section.4}{\376\377\0004\000\040\000R\000e\000s\000e\000a\000r\000c\000h\000\040\000Q\000u\000e\000s\000t\000i\000o\000n\000s}{}% 8
\BOOKMARK [1][-]{section.5}{\376\377\0005\000\040\000E\000x\000p\000e\000r\000i\000m\000e\000n\000t\000a\000l\000\040\000M\000e\000t\000h\000o\000d\000o\000l\000o\000g\000y}{}% 9
\BOOKMARK [2][-]{subsection.5.1}{\376\377\0005\000.\0001\000\040\000E\000n\000v\000i\000r\000o\000n\000m\000e\000n\000t\000\040\000a\000n\000d\000\040\000C\000o\000n\000t\000r\000o\000l\000\040\000M\000e\000c\000h\000a\000n\000i\000c\000s}{section.5}% 10
\BOOKMARK [2][-]{subsection.5.2}{\376\377\0005\000.\0002\000\040\000E\000X\000P\000-\0000\0000\0001\000:\000\040\000C\000r\000o\000s\000s\000-\000A\000g\000e\000n\000t\000\040\000W\000o\000r\000k\000\040\000T\000r\000a\000n\000s\000f\000e\000r}{section.5}% 11
\BOOKMARK [2][-]{subsection.5.3}{\376\377\0005\000.\0003\000\040\000E\000X\000P\000-\0000\0000\0002\000:\000\040\000P\000e\000r\000s\000i\000s\000t\000e\000n\000t\000\040\000P\000r\000o\000j\000e\000c\000t\000\040\000I\000n\000t\000e\000l\000l\000i\000g\000e\000n\000c\000e}{section.5}% 12
\BOOKMARK [2][-]{subsection.5.4}{\376\377\0005\000.\0004\000\040\000M\000e\000t\000r\000i\000c\000s\000\040\000a\000n\000d\000\040\000P\000r\000i\000m\000a\000r\000y\000\040\000O\000u\000t\000c\000o\000m\000e\000s}{section.5}% 13
\BOOKMARK [1][-]{section.6}{\376\377\0006\000\040\000R\000e\000s\000u\000l\000t\000s}{}% 14
\BOOKMARK [2][-]{subsection.6.1}{\376\377\0006\000.\0001\000\040\000E\000X\000P\000-\0000\0000\0001\000:\000\040\000W\000o\000r\000k\000-\000S\000t\000a\000t\000e\000\040\000T\000r\000a\000n\000s\000f\000e\000r\000\040\000M\000e\000t\000r\000i\000c\000s}{section.6}% 15
\BOOKMARK [2][-]{subsection.6.2}{\376\377\0006\000.\0002\000\040\000E\000X\000P\000-\0000\0000\0002\000:\000\040\000P\000r\000o\000j\000e\000c\000t\000\040\000I\000n\000t\000e\000l\000l\000i\000g\000e\000n\000c\000e\000\040\000C\000o\000n\000t\000i\000n\000u\000i\000t\000y}{section.6}% 16
\BOOKMARK [1][-]{section.7}{\376\377\0007\000\040\000A\000n\000a\000l\000y\000s\000i\000s}{}% 17
\BOOKMARK [2][-]{subsection.7.1}{\376\377\0007\000.\0001\000\040\000C\000a\000u\000s\000a\000l\000\040\000M\000e\000c\000h\000a\000n\000i\000s\000m\000s}{section.7}% 18
\BOOKMARK [1][-]{section.8}{\376\377\0008\000\040\000C\000o\000n\000c\000e\000p\000t\000u\000a\000l\000\040\000F\000r\000a\000m\000e\000w\000o\000r\000k\000:\000\040\000P\000r\000o\000j\000e\000c\000t\000\040\000T\000r\000u\000t\000h\000\040\000a\000n\000d\000\040\000R\000e\000c\000o\000n\000c\000i\000l\000i\000a\000t\000i\000o\000n}{}% 19
\BOOKMARK [2][-]{subsection.8.1}{\376\377\0008\000.\0001\000\040\000T\000h\000e\000\040\000D\000e\000t\000e\000r\000m\000i\000n\000i\000s\000t\000i\000c\000\040\000B\000o\000u\000n\000d\000a\000r\000y}{section.8}% 20
\BOOKMARK [2][-]{subsection.8.2}{\376\377\0008\000.\0002\000\040\000T\000h\000e\000\040\000S\000t\000a\000t\000e\000\040\000L\000i\000f\000e\000c\000y\000c\000l\000e}{section.8}% 21
\BOOKMARK [2][-]{subsection.8.3}{\376\377\0008\000.\0003\000\040\000R\000e\000c\000o\000n\000c\000i\000l\000i\000a\000t\000i\000o\000n\000\040\000a\000n\000d\000\040\000P\000r\000e\000c\000e\000d\000e\000n\000c\000e}{section.8}% 22
\BOOKMARK [1][-]{section.9}{\376\377\0009\000\040\000R\000e\000l\000a\000t\000e\000d\000\040\000W\000o\000r\000k}{}% 23
\BOOKMARK [2][-]{subsection.9.1}{\376\377\0009\000.\0001\000\040\000A\000g\000e\000n\000t\000\040\000M\000e\000m\000o\000r\000y\000\040\000a\000n\000d\000\040\000C\000o\000n\000t\000e\000x\000t\000\040\000S\000t\000o\000r\000a\000g\000e}{section.9}% 24
\BOOKMARK [2][-]{subsection.9.2}{\376\377\0009\000.\0002\000\040\000C\000o\000d\000e\000b\000a\000s\000e\000\040\000K\000n\000o\000w\000l\000e\000d\000g\000e\000\040\000G\000r\000a\000p\000h\000s}{section.9}% 25
\BOOKMARK [2][-]{subsection.9.3}{\376\377\0009\000.\0003\000\040\000M\000u\000l\000t\000i\000-\000A\000g\000e\000n\000t\000\040\000C\000o\000o\000r\000d\000i\000n\000a\000t\000i\000o\000n\000\040\000a\000n\000d\000\040\000G\000o\000v\000e\000r\000n\000a\000n\000c\000e}{section.9}% 26
\BOOKMARK [1][-]{section.10}{\376\377\0001\0000\000\040\000T\000h\000r\000e\000a\000t\000s\000\040\000t\000o\000\040\000V\000a\000l\000i\000d\000i\000t\000y}{}% 27
\BOOKMARK [2][-]{subsection.10.1}{\376\377\0001\0000\000.\0001\000\040\000I\000n\000t\000e\000r\000n\000a\000l\000\040\000V\000a\000l\000i\000d\000i\000t\000y}{section.10}% 28
\BOOKMARK [2][-]{subsection.10.2}{\376\377\0001\0000\000.\0002\000\040\000E\000x\000t\000e\000r\000n\000a\000l\000\040\000V\000a\000l\000i\000d\000i\000t\000y}{section.10}% 29
\BOOKMARK [2][-]{subsection.10.3}{\376\377\0001\0000\000.\0003\000\040\000C\000o\000n\000s\000t\000r\000u\000c\000t\000\040\000V\000a\000l\000i\000d\000i\000t\000y}{section.10}% 30
\BOOKMARK [1][-]{section.11}{\376\377\0001\0001\000\040\000D\000i\000s\000c\000u\000s\000s\000i\000o\000n}{}% 31
\BOOKMARK [1][-]{section.12}{\376\377\0001\0002\000\040\000C\000o\000n\000c\000l\000u\000s\000i\000o\000n}{}% 32
\BOOKMARK [1][-]{section*.6}{\376\377\000R\000e\000f\000e\000r\000e\000n\000c\000e\000s}{}% 33
